ASxxxx Linker V03.00 + NoICE + sdld,  page 1.
Hexadecimal  [32-Bits]

Area                                    Addr        Size        Decimal Bytes (Attributes)
--------------------------------        ----        ----        ------- ----- ------------
CABS                                00000000    00000000 =           0. bytes (ABS,CON,CODE)

      Value  Global                              Global Defined In Module
      -----  --------------------------------   ------------------------
C:   00000000  l_BIT_BANK                      
C:   00000000  l_CABS                          
C:   00000000  l_GSINIT                        
C:   00000000  l_GSINIT1                       
C:   00000000  l_GSINIT5                       
C:   00000000  l_IABS                          
C:   00000000  l_ISEG                          
C:   00000000  l_OSEG                          
C:   00000000  l_REG_BANK_1                    
C:   00000000  l_REG_BANK_2                    
C:   00000000  l_REG_BANK_3                    
C:   00000000  l_RSEG                          
C:   00000000  l_RSEG0                         
C:   00000000  l_RSEG1                         
C:   00000000  l_XABS                          
C:   00000000  l_XINIT                         
C:   00000000  l_XISEG                         
C:   00000000  l_XSEG                          
C:   00000000  l__CODE                         
C:   00000000  s_BSEG                          
C:   00000000  s_CABS                          
C:   00000000  s_DSEG                          
C:   00000000  s_HOME                          
C:   00000000  s_IABS                          
C:   00000000  s_ISEG                          
C:   00000000  s_REG_BANK_0                    
C:   00000000  s_RSEG                          
C:   00000000  s_RSEG0                         
C:   00000000  s_RSEG1                         
C:   00000000  s_XABS                          
C:   00000001  l_BSEG                          
C:   00000001  l_BSEG_BYTES                    
C:   00000001  s_PSEG                          
C:   00000001  s_XISEG                         
C:   00000001  s_XSEG                          
C:   00000003  l_GSFINAL                       
C:   00000003  l_GSINIT0                       
C:   00000005  l_PSEG                          
C:   00000006  l_HOME                          
C:   00000006  s_GSINIT0                       
C:   00000008  l_REG_BANK_0                    
C:   00000008  s_REG_BANK_1                    
C:   00000009  s_GSINIT1                       
C:   00000009  s_GSINIT2                       
C:   0000000A  l_GSINIT2                       
C:   00000010  s_REG_BANK_2                    
C:   00000013  s_GSINIT3                       
C:   00000018  s_BIT_BANK                      
C:   00000018  s_OSEG                          
C:   00000018  s_REG_BANK_3                    
ASxxxx Linker V03.00 + NoICE + sdld,  page 2.
Hexadecimal  [32-Bits]

Area                                    Addr        Size        Decimal Bytes (Attributes)
--------------------------------        ----        ----        ------- ----- ------------
CABS                                00000000    00000000 =           0. bytes (ABS,CON,CODE)

      Value  Global                              Global Defined In Module
      -----  --------------------------------   ------------------------
C:   00000020  s_BSEG_BYTES                    
C:   00000020  s__CODE                         
C:   00000021  s_SSEG                          
C:   00000022  l_GSINIT3                       
C:   0000002A  l_GSINIT4                       
C:   00000035  s_GSINIT4                       
C:   0000005F  s_GSFINAL                       
C:   0000005F  s_GSINIT                        
C:   0000005F  s_GSINIT5                       
C:   00000062  s_CSEG                          
C:   00000068  l_DSEG                          
C:   00000087  l_CONST                         
C:   000000DF  l_SSEG                          
C:   00000100  l_IRAM                          
C:   00000514  l_CSEG                          
C:   00000576  s_CONST                         
C:   000005FD  s_XINIT                         

ASxxxx Linker V03.00 + NoICE + sdld,  page 3.
Hexadecimal  [32-Bits]

Area                                    Addr        Size        Decimal Bytes (Attributes)
--------------------------------        ----        ----        ------- ----- ------------
.  .ABS.                            00000000    00000000 =           0. bytes (ABS,CON)

      Value  Global                              Global Defined In Module
      -----  --------------------------------   ------------------------
     00000000  .__.ABS.                           _fsget1arg
     00000080  G$P0$0_0$0                         main
     00000080  G$P0_0$0_0$0                       main
     00000080  _P0                                main
     00000080  _P0_0                              main
     00000081  G$P0_1$0_0$0                       main
     00000081  G$SP$0_0$0                         main
     00000081  _P0_1                              main
     00000081  _SP                                main
     00000082  G$DPL$0_0$0                        main
     00000082  G$P0_2$0_0$0                       main
     00000082  _DPL                               main
     00000082  _P0_2                              main
     00000083  G$DPH$0_0$0                        main
     00000083  G$P0_3$0_0$0                       main
     00000083  _DPH                               main
     00000083  _P0_3                              main
     00000084  G$P0_4$0_0$0                       main
     00000084  _P0_4                              main
     00000085  G$P0_5$0_0$0                       main
     00000085  _P0_5                              main
     00000086  G$P0_6$0_0$0                       main
     00000086  _P0_6                              main
     00000087  G$P0_7$0_0$0                       main
     00000087  G$PCON$0_0$0                       main
     00000087  _P0_7                              main
     00000087  _PCON                              main
     00000088  G$IT0$0_0$0                        main
     00000088  G$TCON$0_0$0                       main
     00000088  _IT0                               main
     00000088  _TCON                              main
     00000089  G$IE0$0_0$0                        main
     00000089  G$TMOD$0_0$0                       main
     00000089  _IE0                               main
     00000089  _TMOD                              main
     0000008A  G$IT1$0_0$0                        main
     0000008A  G$TL0$0_0$0                        main
     0000008A  _IT1                               main
     0000008A  _TL0                               main
     0000008B  G$IE1$0_0$0                        main
     0000008B  G$TL1$0_0$0                        main
     0000008B  _IE1                               main
     0000008B  _TL1                               main
     0000008C  G$TH0$0_0$0                        main
     0000008C  G$TR0$0_0$0                        main
     0000008C  _TH0                               main
     0000008C  _TR0                               main
     0000008D  G$TF0$0_0$0                        main
     0000008D  G$TH1$0_0$0                        main
     0000008D  _TF0                               main
ASxxxx Linker V03.00 + NoICE + sdld,  page 4.
Hexadecimal  [32-Bits]

Area                                    Addr        Size        Decimal Bytes (Attributes)
--------------------------------        ----        ----        ------- ----- ------------
.  .ABS.                            00000000    00000000 =           0. bytes (ABS,CON)

      Value  Global                              Global Defined In Module
      -----  --------------------------------   ------------------------
     0000008D  _TH1                               main
     0000008E  G$TR1$0_0$0                        main
     0000008E  _TR1                               main
     0000008F  G$TF1$0_0$0                        main
     0000008F  _TF1                               main
     00000090  G$P1$0_0$0                         main
     00000090  G$P1_0$0_0$0                       main
     00000090  _P1                                main
     00000090  _P1_0                              main
     00000091  G$P1_1$0_0$0                       main
     00000091  _P1_1                              main
     00000092  G$P1_2$0_0$0                       main
     00000092  _P1_2                              main
     00000093  G$P1_3$0_0$0                       main
     00000093  _P1_3                              main
     00000094  G$P1_4$0_0$0                       main
     00000094  _P1_4                              main
     00000095  G$P1_5$0_0$0                       main
     00000095  _P1_5                              main
     00000096  G$P1_6$0_0$0                       main
     00000096  _P1_6                              main
     00000097  G$P1_7$0_0$0                       main
     00000097  _P1_7                              main
     00000098  G$RI$0_0$0                         main
     00000098  G$SCON$0_0$0                       main
     00000098  _RI                                main
     00000098  _SCON                              main
     00000099  G$SBUF$0_0$0                       main
     00000099  G$TI$0_0$0                         main
     00000099  _SBUF                              main
     00000099  _TI                                main
     0000009A  G$RB8$0_0$0                        main
     0000009A  _RB8                               main
     0000009B  G$TB8$0_0$0                        main
     0000009B  _TB8                               main
     0000009C  G$REN$0_0$0                        main
     0000009C  _REN                               main
     0000009D  G$SM2$0_0$0                        main
     0000009D  _SM2                               main
     0000009E  G$SM1$0_0$0                        main
     0000009E  _SM1                               main
     0000009F  G$SM0$0_0$0                        main
     0000009F  _SM0                               main
     000000A0  G$P2$0_0$0                         main
     000000A0  G$P2_0$0_0$0                       main
     000000A0  _P2                                main
     000000A0  _P2_0                              main
     000000A0  __XPAGE                            
     000000A1  G$P2_1$0_0$0                       main
     000000A1  _P2_1                              main
     000000A2  G$P2_2$0_0$0                       main
ASxxxx Linker V03.00 + NoICE + sdld,  page 5.
Hexadecimal  [32-Bits]

Area                                    Addr        Size        Decimal Bytes (Attributes)
--------------------------------        ----        ----        ------- ----- ------------
.  .ABS.                            00000000    00000000 =           0. bytes (ABS,CON)

      Value  Global                              Global Defined In Module
      -----  --------------------------------   ------------------------
     000000A2  _P2_2                              main
     000000A3  G$P2_3$0_0$0                       main
     000000A3  _P2_3                              main
     000000A4  G$P2_4$0_0$0                       main
     000000A4  _P2_4                              main
     000000A5  G$P2_5$0_0$0                       main
     000000A5  _P2_5                              main
     000000A6  G$P2_6$0_0$0                       main
     000000A6  _P2_6                              main
     000000A7  G$P2_7$0_0$0                       main
     000000A7  _P2_7                              main
     000000A8  G$EX0$0_0$0                        main
     000000A8  G$IE$0_0$0                         main
     000000A8  _EX0                               main
     000000A8  _IE                                main
     000000A9  G$ET0$0_0$0                        main
     000000A9  _ET0                               main
     000000AA  G$EX1$0_0$0                        main
     000000AA  _EX1                               main
     000000AB  G$ET1$0_0$0                        main
     000000AB  _ET1                               main
     000000AC  G$ES$0_0$0                         main
     000000AC  _ES                                main
     000000AD  G$ET2$0_0$0                        main
     000000AD  _ET2                               main
     000000AF  G$EA$0_0$0                         main
     000000AF  _EA                                main
     000000B0  G$P3$0_0$0                         main
     000000B0  G$P3_0$0_0$0                       main
     000000B0  G$RXD$0_0$0                        main
     000000B0  _P3                                main
     000000B0  _P3_0                              main
     000000B0  _RXD                               main
     000000B1  G$P3_1$0_0$0                       main
     000000B1  G$TXD$0_0$0                        main
     000000B1  _P3_1                              main
     000000B1  _TXD                               main
     000000B2  G$INT0$0_0$0                       main
     000000B2  G$P3_2$0_0$0                       main
     000000B2  _INT0                              main
     000000B2  _P3_2                              main
     000000B3  G$INT1$0_0$0                       main
     000000B3  G$P3_3$0_0$0                       main
     000000B3  _INT1                              main
     000000B3  _P3_3                              main
     000000B4  G$P3_4$0_0$0                       main
     000000B4  G$T0$0_0$0                         main
     000000B4  _P3_4                              main
     000000B4  _T0                                main
     000000B5  G$P3_5$0_0$0                       main
     000000B5  G$T1$0_0$0                         main
ASxxxx Linker V03.00 + NoICE + sdld,  page 6.
Hexadecimal  [32-Bits]

Area                                    Addr        Size        Decimal Bytes (Attributes)
--------------------------------        ----        ----        ------- ----- ------------
.  .ABS.                            00000000    00000000 =           0. bytes (ABS,CON)

      Value  Global                              Global Defined In Module
      -----  --------------------------------   ------------------------
     000000B5  _P3_5                              main
     000000B5  _T1                                main
     000000B6  G$P3_6$0_0$0                       main
     000000B6  G$WR$0_0$0                         main
     000000B6  _P3_6                              main
     000000B6  _WR                                main
     000000B7  G$P3_7$0_0$0                       main
     000000B7  G$RD$0_0$0                         main
     000000B7  _P3_7                              main
     000000B7  _RD                                main
     000000B8  G$IP$0_0$0                         main
     000000B8  G$PX0$0_0$0                        main
     000000B8  _IP                                main
     000000B8  _PX0                               main
     000000B9  G$PT0$0_0$0                        main
     000000B9  _PT0                               main
     000000BA  G$PX1$0_0$0                        main
     000000BA  _PX1                               main
     000000BB  G$PT1$0_0$0                        main
     000000BB  _PT1                               main
     000000BC  G$PS$0_0$0                         main
     000000BC  _PS                                main
     000000BD  G$PT2$0_0$0                        main
     000000BD  _PT2                               main
     000000C8  G$CP_RL2$0_0$0                     main
     000000C8  G$T2CON$0_0$0                      main
     000000C8  G$T2CON_0$0_0$0                    main
     000000C8  _CP_RL2                            main
     000000C8  _T2CON                             main
     000000C8  _T2CON_0                           main
     000000C9  G$C_T2$0_0$0                       main
     000000C9  G$T2CON_1$0_0$0                    main
     000000C9  _C_T2                              main
     000000C9  _T2CON_1                           main
     000000CA  G$RCAP2L$0_0$0                     main
     000000CA  G$T2CON_2$0_0$0                    main
     000000CA  G$TR2$0_0$0                        main
     000000CA  _RCAP2L                            main
     000000CA  _T2CON_2                           main
     000000CA  _TR2                               main
     000000CB  G$EXEN2$0_0$0                      main
     000000CB  G$RCAP2H$0_0$0                     main
     000000CB  G$T2CON_3$0_0$0                    main
     000000CB  _EXEN2                             main
     000000CB  _RCAP2H                            main
     000000CB  _T2CON_3                           main
     000000CC  G$T2CON_4$0_0$0                    main
     000000CC  G$TCLK$0_0$0                       main
     000000CC  G$TL2$0_0$0                        main
     000000CC  _T2CON_4                           main
     000000CC  _TCLK                              main
ASxxxx Linker V03.00 + NoICE + sdld,  page 7.
Hexadecimal  [32-Bits]

Area                                    Addr        Size        Decimal Bytes (Attributes)
--------------------------------        ----        ----        ------- ----- ------------
.  .ABS.                            00000000    00000000 =           0. bytes (ABS,CON)

      Value  Global                              Global Defined In Module
      -----  --------------------------------   ------------------------
     000000CC  _TL2                               main
     000000CD  G$RCLK$0_0$0                       main
     000000CD  G$T2CON_5$0_0$0                    main
     000000CD  G$TH2$0_0$0                        main
     000000CD  _RCLK                              main
     000000CD  _T2CON_5                           main
     000000CD  _TH2                               main
     000000CE  G$EXF2$0_0$0                       main
     000000CE  G$T2CON_6$0_0$0                    main
     000000CE  _EXF2                              main
     000000CE  _T2CON_6                           main
     000000CF  G$T2CON_7$0_0$0                    main
     000000CF  G$TF2$0_0$0                        main
     000000CF  _T2CON_7                           main
     000000CF  _TF2                               main
     000000D0  G$P$0_0$0                          main
     000000D0  G$PSW$0_0$0                        main
     000000D0  _P                                 main
     000000D0  _PSW                               main
     000000D1  G$F1$0_0$0                         main
     000000D1  _F1                                main
     000000D2  G$OV$0_0$0                         main
     000000D2  _OV                                main
     000000D3  G$RS0$0_0$0                        main
     000000D3  _RS0                               main
     000000D4  G$RS1$0_0$0                        main
     000000D4  _RS1                               main
     000000D5  G$F0$0_0$0                         main
     000000D5  _F0                                main
     000000D6  G$AC$0_0$0                         main
     000000D6  _AC                                main
     000000D7  G$CY$0_0$0                         main
     000000D7  _CY                                main
     000000E0  G$ACC$0_0$0                        main
     000000E0  _ACC                               main
     000000F0  G$B$0_0$0                          main
     000000F0  _B                                 main
ASxxxx Linker V03.00 + NoICE + sdld,  page 8.
Hexadecimal  [32-Bits]

Area                                    Addr        Size        Decimal Bytes (Attributes)
--------------------------------        ----        ----        ------- ----- ------------
BSEG_BYTES                          00000020    00000001 =           1. bytes (REL,CON)

      Value  Global                              Global Defined In Module
      -----  --------------------------------   ------------------------
ASxxxx Linker V03.00 + NoICE + sdld,  page 9.
Hexadecimal  [32-Bits]

Area                                    Addr        Size        Decimal Bytes (Attributes)
--------------------------------        ----        ----        ------- ----- ------------
REG_BANK_0                          00000000    00000008 =           8. bytes (REL,OVR)

      Value  Global                              Global Defined In Module
      -----  --------------------------------   ------------------------
ASxxxx Linker V03.00 + NoICE + sdld,  page 10.
Hexadecimal  [32-Bits]

Area                                    Addr        Size        Decimal Bytes (Attributes)
--------------------------------        ----        ----        ------- ----- ------------
DSEG                                00000000    00000068 =         104. bytes (REL,CON)

      Value  Global                              Global Defined In Module
      -----  --------------------------------   ------------------------
ASxxxx Linker V03.00 + NoICE + sdld,  page 11.
Hexadecimal  [32-Bits]

Area                                    Addr        Size        Decimal Bytes (Attributes)
--------------------------------        ----        ----        ------- ----- ------------
SSEG                                00000021    000000DF =         223. bytes (REL,OVR)

      Value  Global                              Global Defined In Module
      -----  --------------------------------   ------------------------
     00000021  __start__stack                     main

ASxxxx Linker V03.00 + NoICE + sdld,  page 12.
Hexadecimal  [32-Bits]

Area                                    Addr        Size        Decimal Bytes (Attributes)
--------------------------------        ----        ----        ------- ----- ------------
PSEG                                00000001    00000005 =           5. bytes (REL,CON,PAG,XDATA)

      Value  Global                              Global Defined In Module
      -----  --------------------------------   ------------------------
D:   00000001  G$temp$0_0$0                       main
D:   00000001  _temp                              main
D:   00000002  Lmain.GLCD_WriteChar$Page_inc$1_   main
ASxxxx Linker V03.00 + NoICE + sdld,  page 13.
Hexadecimal  [32-Bits]

Area                                    Addr        Size        Decimal Bytes (Attributes)
--------------------------------        ----        ----        ------- ----- ------------
HOME                                00000000    00000006 =           6. bytes (REL,CON,CODE)

      Value  Global                              Global Defined In Module
      -----  --------------------------------   ------------------------
C:   00000000  A$main$461                         main
C:   00000003  A$main$483                         main
C:   00000003  __sdcc_program_startup             main
ASxxxx Linker V03.00 + NoICE + sdld,  page 14.
Hexadecimal  [32-Bits]

Area                                    Addr        Size        Decimal Bytes (Attributes)
--------------------------------        ----        ----        ------- ----- ------------
GSINIT0                             00000006    00000003 =           3. bytes (REL,CON,CODE)

      Value  Global                              Global Defined In Module
      -----  --------------------------------   ------------------------
C:   00000006  __sdcc_gsinit_startup              

ASxxxx Linker V03.00 + NoICE + sdld,  page 15.
Hexadecimal  [32-Bits]

Area                                    Addr        Size        Decimal Bytes (Attributes)
--------------------------------        ----        ----        ------- ----- ------------
GSINIT2                             00000009    0000000A =          10. bytes (REL,CON,CODE)

      Value  Global                              Global Defined In Module
      -----  --------------------------------   ------------------------
ASxxxx Linker V03.00 + NoICE + sdld,  page 16.
Hexadecimal  [32-Bits]

Area                                    Addr        Size        Decimal Bytes (Attributes)
--------------------------------        ----        ----        ------- ----- ------------
GSINIT3                             00000013    00000022 =          34. bytes (REL,CON,CODE)

      Value  Global                              Global Defined In Module
      -----  --------------------------------   ------------------------
C:   00000013  __mcs51_genXINIT                   

ASxxxx Linker V03.00 + NoICE + sdld,  page 17.
Hexadecimal  [32-Bits]

Area                                    Addr        Size        Decimal Bytes (Attributes)
--------------------------------        ----        ----        ------- ----- ------------
GSINIT4                             00000035    0000002A =          42. bytes (REL,CON,CODE)

      Value  Global                              Global Defined In Module
      -----  --------------------------------   ------------------------
C:   00000035  __mcs51_genRAMCLEAR                
C:   0000003B  __mcs51_genXRAMCLEAR               

ASxxxx Linker V03.00 + NoICE + sdld,  page 18.
Hexadecimal  [32-Bits]

Area                                    Addr        Size        Decimal Bytes (Attributes)
--------------------------------        ----        ----        ------- ----- ------------
GSFINAL                             0000005F    00000003 =           3. bytes (REL,CON,CODE)

      Value  Global                              Global Defined In Module
      -----  --------------------------------   ------------------------
C:   0000005F  A$main$476                         main

ASxxxx Linker V03.00 + NoICE + sdld,  page 19.
Hexadecimal  [32-Bits]

Area                                    Addr        Size        Decimal Bytes (Attributes)
--------------------------------        ----        ----        ------- ----- ------------
CSEG                                00000062    00000514 =        1300. bytes (REL,CON,CODE)

      Value  Global                              Global Defined In Module
      -----  --------------------------------   ------------------------
C:   00000062  A$main$507                         main
C:   00000062  C$main.c$50$0_0$71                 main
C:   00000062  G$delay_us$0$0                     main
C:   00000062  _delay_us                          main
C:   00000064  A$main$511                         main
C:   00000064  C$main.c$52$1_0$71                 main
C:   00000066  A$main$512                         main
C:   00000067  A$main$513                         main
C:   00000068  A$main$514                         main
C:   0000006A  A$main$519                         main
C:   0000006A  C$main.c$53$1_0$71                 main
C:   0000006A  XG$delay_us$0$0                    main
C:   0000006B  A$main$530                         main
C:   0000006B  C$main.c$54$1_0$74                 main
C:   0000006B  G$delay$0$0                        main
C:   0000006B  _delay                             main
C:   0000006D  A$main$531                         main
C:   0000006F  A$main$534                         main
C:   00000071  A$main$535                         main
C:   00000073  A$main$537                         main
C:   00000075  A$main$538                         main
C:   00000077  A$main$539                         main
C:   00000078  A$main$540                         main
C:   00000079  A$main$541                         main
C:   0000007A  A$main$542                         main
C:   0000007B  A$main$543                         main
C:   0000007C  A$main$544                         main
C:   0000007E  A$main$547                         main
C:   0000007E  C$main.c$58$2_0$74                 main
C:   00000080  A$main$548                         main
C:   00000082  A$main$550                         main
C:   00000083  A$main$551                         main
C:   00000086  A$main$552                         main
C:   00000087  A$main$554                         main
C:   00000088  A$main$555                         main
C:   00000089  A$main$556                         main
C:   0000008B  A$main$559                         main
C:   0000008B  C$main.c$57$2_0$74                 main
C:   0000008C  A$main$560                         main
C:   0000008F  A$main$561                         main
C:   00000090  A$main$562                         main
C:   00000092  A$main$568                         main
C:   00000092  C$main.c$59$2_0$74                 main
C:   00000092  XG$delay$0$0                       main
C:   00000093  A$main$579                         main
C:   00000093  C$main.c$60$2_0$77                 main
C:   00000093  G$GLCD_Command$0$0                 main
C:   00000093  _GLCD_Command                      main
C:   00000096  A$main$583                         main
C:   00000096  C$main.c$63$1_0$77                 main
ASxxxx Linker V03.00 + NoICE + sdld,  page 20.
Hexadecimal  [32-Bits]

Area                                    Addr        Size        Decimal Bytes (Attributes)
--------------------------------        ----        ----        ------- ----- ------------
CSEG                                00000062    00000514 =        1300. bytes (REL,CON,CODE)

      Value  Global                              Global Defined In Module
      -----  --------------------------------   ------------------------
C:   00000098  A$main$587                         main
C:   00000098  C$main.c$64$1_0$77                 main
C:   0000009A  A$main$591                         main
C:   0000009A  C$main.c$65$1_0$77                 main
C:   0000009C  A$main$594                         main
C:   0000009C  C$main.c$66$1_0$77                 main
C:   0000009F  A$main$595                         main
C:   000000A2  A$main$599                         main
C:   000000A2  C$main.c$67$1_0$77                 main
C:   000000A4  A$main$602                         main
C:   000000A4  C$main.c$68$1_0$77                 main
C:   000000A7  A$main$603                         main
C:   000000AA  A$main$608                         main
C:   000000AA  C$main.c$69$1_0$77                 main
C:   000000AA  XG$GLCD_Command$0$0                main
C:   000000AB  A$main$619                         main
C:   000000AB  C$main.c$70$1_0$79                 main
C:   000000AB  G$GLCD_Data$0$0                    main
C:   000000AB  _GLCD_Data                         main
C:   000000AE  A$main$623                         main
C:   000000AE  C$main.c$73$1_0$79                 main
C:   000000B0  A$main$627                         main
C:   000000B0  C$main.c$74$1_0$79                 main
C:   000000B2  A$main$631                         main
C:   000000B2  C$main.c$75$1_0$79                 main
C:   000000B4  A$main$634                         main
C:   000000B4  C$main.c$76$1_0$79                 main
C:   000000B7  A$main$635                         main
C:   000000BA  A$main$639                         main
C:   000000BA  C$main.c$77$1_0$79                 main
C:   000000BC  A$main$642                         main
C:   000000BC  C$main.c$78$1_0$79                 main
C:   000000BF  A$main$643                         main
C:   000000C2  A$main$648                         main
C:   000000C2  C$main.c$79$1_0$79                 main
C:   000000C2  XG$GLCD_Data$0$0                   main
C:   000000C3  A$main$662                         main
C:   000000C3  C$main.c$80$1_0$81                 main
C:   000000C3  C$main.c$82$1_0$81                 main
C:   000000C3  G$GLCD_Init$0$0                    main
C:   000000C3  _GLCD_Init                         main
C:   000000C5  A$main$664                         main
C:   000000C7  A$main$668                         main
C:   000000C7  C$main.c$83$1_0$81                 main
C:   000000C9  A$main$671                         main
C:   000000C9  C$main.c$84$1_0$81                 main
C:   000000CC  A$main$672                         main
C:   000000CF  A$main$675                         main
C:   000000CF  C$main.c$85$1_0$81                 main
C:   000000D2  A$main$676                         main
C:   000000D5  A$main$679                         main
ASxxxx Linker V03.00 + NoICE + sdld,  page 21.
Hexadecimal  [32-Bits]

Area                                    Addr        Size        Decimal Bytes (Attributes)
--------------------------------        ----        ----        ------- ----- ------------
CSEG                                00000062    00000514 =        1300. bytes (REL,CON,CODE)

      Value  Global                              Global Defined In Module
      -----  --------------------------------   ------------------------
C:   000000D5  C$main.c$86$1_0$81                 main
C:   000000D8  A$main$680                         main
C:   000000DB  A$main$683                         main
C:   000000DB  C$main.c$87$1_0$81                 main
C:   000000DE  A$main$684                         main
C:   000000E1  A$main$687                         main
C:   000000E1  C$main.c$88$1_0$81                 main
C:   000000E4  A$main$688                         main
C:   000000E7  A$main$691                         main
C:   000000E7  C$main.c$89$1_0$81                 main
C:   000000EA  A$main$692                         main
C:   000000ED  A$main$697                         main
C:   000000ED  C$main.c$90$1_0$81                 main
C:   000000ED  XG$GLCD_Init$0$0                   main
C:   000000EE  A$main$711                         main
C:   000000EE  C$main.c$91$1_0$83                 main
C:   000000EE  C$main.c$94$1_0$83                 main
C:   000000EE  G$GLCD_ClearAll$0$0                main
C:   000000EE  _GLCD_ClearAll                     main
C:   000000F0  A$main$713                         main
C:   000000F2  A$main$716                         main
C:   000000F2  C$main.c$95$1_0$83                 main
C:   000000F4  A$main$717                         main
C:   000000F6  A$main$721                         main
C:   000000F6  C$main.c$97$3_0$85                 main
C:   000000F8  A$main$722                         main
C:   000000FA  A$main$723                         main
C:   000000FB  A$main$724                         main
C:   000000FD  A$main$725                         main
C:   000000FF  A$main$726                         main
C:   00000101  A$main$727                         main
C:   00000104  A$main$728                         main
C:   00000106  A$main$729                         main
C:   00000108  A$main$732                         main
C:   00000108  C$main.c$98$1_0$83                 main
C:   0000010A  A$main$733                         main
C:   0000010C  A$main$737                         main
C:   0000010C  C$main.c$100$5_0$87                main
C:   0000010F  A$main$738                         main
C:   00000111  A$main$739                         main
C:   00000113  A$main$740                         main
C:   00000115  A$main$741                         main
C:   00000117  A$main$742                         main
C:   0000011A  A$main$743                         main
C:   0000011C  A$main$744                         main
C:   0000011E  A$main$745                         main
C:   00000120  A$main$746                         main
C:   00000122  A$main$749                         main
C:   00000122  C$main.c$98$4_0$86                 main
C:   00000123  A$main$750                         main
C:   00000126  A$main$751                         main
ASxxxx Linker V03.00 + NoICE + sdld,  page 22.
Hexadecimal  [32-Bits]

Area                                    Addr        Size        Decimal Bytes (Attributes)
--------------------------------        ----        ----        ------- ----- ------------
CSEG                                00000062    00000514 =        1300. bytes (REL,CON,CODE)

      Value  Global                              Global Defined In Module
      -----  --------------------------------   ------------------------
C:   00000127  A$main$753                         main
C:   00000128  A$main$754                         main
C:   00000129  A$main$755                         main
C:   0000012B  A$main$756                         main
C:   0000012C  A$main$757                         main
C:   0000012E  A$main$758                         main
C:   00000130  A$main$759                         main
C:   00000132  A$main$762                         main
C:   00000132  C$main.c$95$2_0$84                 main
C:   00000133  A$main$763                         main
C:   00000136  A$main$764                         main
C:   00000137  A$main$766                         main
C:   00000138  A$main$767                         main
C:   00000139  A$main$768                         main
C:   0000013B  A$main$769                         main
C:   0000013C  A$main$770                         main
C:   0000013E  A$main$771                         main
C:   00000140  A$main$772                         main
C:   00000142  A$main$775                         main
C:   00000142  C$main.c$103$1_0$83                main
C:   00000145  A$main$776                         main
C:   00000148  A$main$779                         main
C:   00000148  C$main.c$104$1_0$83                main
C:   0000014B  A$main$780                         main
C:   0000014E  A$main$785                         main
C:   0000014E  C$main.c$105$1_0$83                main
C:   0000014E  XG$GLCD_ClearAll$0$0               main
C:   0000014F  A$main$799                         main
C:   0000014F  C$main.c$106$1_0$89                main
C:   0000014F  C$main.c$113$1_0$89                main
C:   0000014F  G$GLCD_Plot_Coordinate_Axes$0$0    main
C:   0000014F  _GLCD_Plot_Coordinate_Axes         main
C:   00000151  A$main$801                         main
C:   00000153  A$main$804                         main
C:   00000153  C$main.c$114$1_0$89                main
C:   00000155  A$main$805                         main
C:   00000157  A$main$809                         main
C:   00000157  C$main.c$116$3_0$91                main
C:   00000159  A$main$810                         main
C:   0000015B  A$main$811                         main
C:   0000015C  A$main$812                         main
C:   0000015E  A$main$813                         main
C:   00000160  A$main$814                         main
C:   00000162  A$main$815                         main
C:   00000165  A$main$816                         main
C:   00000167  A$main$817                         main
C:   00000169  A$main$820                         main
C:   00000169  C$main.c$117$6_0$94                main
C:   0000016A  A$main$821                         main
C:   0000016B  A$main$822                         main
C:   0000016D  A$main$823                         main
ASxxxx Linker V03.00 + NoICE + sdld,  page 23.
Hexadecimal  [32-Bits]

Area                                    Addr        Size        Decimal Bytes (Attributes)
--------------------------------        ----        ----        ------- ----- ------------
CSEG                                00000062    00000514 =        1300. bytes (REL,CON,CODE)

      Value  Global                              Global Defined In Module
      -----  --------------------------------   ------------------------
C:   0000016E  A$main$824                         main
C:   00000170  A$main$825                         main
C:   00000172  A$main$826                         main
C:   00000173  A$main$827                         main
C:   00000174  A$main$828                         main
C:   00000175  A$main$829                         main
C:   00000176  A$main$830                         main
C:   00000177  A$main$831                         main
C:   00000179  A$main$832                         main
C:   0000017A  A$main$833                         main
C:   0000017C  A$main$834                         main
C:   0000017E  A$main$835                         main
C:   00000180  A$main$836                         main
C:   00000182  A$main$837                         main
C:   00000184  A$main$841                         main
C:   00000184  C$main.c$119$5_0$93                main
C:   00000187  A$main$842                         main
C:   00000188  A$main$843                         main
C:   00000189  A$main$844                         main
C:   0000018B  A$main$847                         main
C:   0000018B  C$main.c$121$6_0$94                main
C:   0000018E  A$main$848                         main
C:   00000190  A$main$849                         main
C:   00000192  A$main$850                         main
C:   00000194  A$main$851                         main
C:   00000196  A$main$852                         main
C:   00000198  A$main$853                         main
C:   0000019B  A$main$854                         main
C:   0000019D  A$main$855                         main
C:   0000019F  A$main$856                         main
C:   000001A1  A$main$857                         main
C:   000001A3  A$main$858                         main
C:   000001A5  A$main$861                         main
C:   000001A5  C$main.c$122$6_0$94                main
C:   000001A6  A$main$862                         main
C:   000001A8  A$main$865                         main
C:   000001A8  C$main.c$123$6_0$94                main
C:   000001AB  A$main$866                         main
C:   000001AD  A$main$867                         main
C:   000001AF  A$main$868                         main
C:   000001B1  A$main$869                         main
C:   000001B3  A$main$870                         main
C:   000001B5  A$main$871                         main
C:   000001B8  A$main$872                         main
C:   000001BA  A$main$873                         main
C:   000001BC  A$main$874                         main
C:   000001BE  A$main$875                         main
C:   000001C0  A$main$876                         main
C:   000001C2  A$main$877                         main
C:   000001C4  A$main$881                         main
C:   000001C4  C$main.c$125$6_0$94                main
ASxxxx Linker V03.00 + NoICE + sdld,  page 24.
Hexadecimal  [32-Bits]

Area                                    Addr        Size        Decimal Bytes (Attributes)
--------------------------------        ----        ----        ------- ----- ------------
CSEG                                00000062    00000514 =        1300. bytes (REL,CON,CODE)

      Value  Global                              Global Defined In Module
      -----  --------------------------------   ------------------------
C:   000001C7  A$main$882                         main
C:   000001C9  A$main$883                         main
C:   000001CB  A$main$884                         main
C:   000001CD  A$main$885                         main
C:   000001CF  A$main$886                         main
C:   000001D1  A$main$887                         main
C:   000001D4  A$main$888                         main
C:   000001D6  A$main$889                         main
C:   000001D8  A$main$890                         main
C:   000001DA  A$main$891                         main
C:   000001DC  A$main$892                         main
C:   000001DE  A$main$896                         main
C:   000001DE  C$main.c$117$4_0$92                main
C:   000001DF  A$main$897                         main
C:   000001E2  A$main$898                         main
C:   000001E3  A$main$900                         main
C:   000001E4  A$main$901                         main
C:   000001E5  A$main$902                         main
C:   000001E7  A$main$903                         main
C:   000001E8  A$main$904                         main
C:   000001EA  A$main$905                         main
C:   000001EC  A$main$906                         main
C:   000001EE  A$main$909                         main
C:   000001EE  C$main.c$114$2_0$90                main
C:   000001EF  A$main$910                         main
C:   000001F2  A$main$911                         main
C:   000001F3  A$main$913                         main
C:   000001F4  A$main$914                         main
C:   000001F5  A$main$915                         main
C:   000001F7  A$main$916                         main
C:   000001F8  A$main$917                         main
C:   000001FA  A$main$918                         main
C:   000001FC  A$main$919                         main
C:   000001FE  A$main$920                         main
C:   00000201  A$main$924                         main
C:   00000201  C$main.c$129$1_0$89                main
C:   00000204  A$main$925                         main
C:   00000207  A$main$928                         main
C:   00000207  C$main.c$130$1_0$89                main
C:   0000020A  A$main$929                         main
C:   0000020D  A$main$932                         main
C:   0000020D  C$main.c$131$1_0$89                main
C:   00000210  A$main$933                         main
C:   00000213  A$main$936                         main
C:   00000213  C$main.c$132$1_0$89                main
C:   00000216  A$main$937                         main
C:   00000219  A$main$940                         main
C:   00000219  C$main.c$133$1_0$89                main
C:   0000021C  A$main$941                         main
C:   0000021F  A$main$944                         main
C:   0000021F  C$main.c$134$1_0$89                main
ASxxxx Linker V03.00 + NoICE + sdld,  page 25.
Hexadecimal  [32-Bits]

Area                                    Addr        Size        Decimal Bytes (Attributes)
--------------------------------        ----        ----        ------- ----- ------------
CSEG                                00000062    00000514 =        1300. bytes (REL,CON,CODE)

      Value  Global                              Global Defined In Module
      -----  --------------------------------   ------------------------
C:   00000222  A$main$945                         main
C:   00000225  A$main$948                         main
C:   00000225  C$main.c$135$1_0$89                main
C:   00000228  A$main$949                         main
C:   0000022B  A$main$952                         main
C:   0000022B  C$main.c$136$1_0$89                main
C:   0000022E  A$main$953                         main
C:   00000231  A$main$956                         main
C:   00000231  C$main.c$137$1_0$89                main
C:   00000234  A$main$957                         main
C:   00000237  A$main$961                         main
C:   00000237  C$main.c$140$1_0$89                main
C:   00000239  A$main$963                         main
C:   0000023B  A$main$966                         main
C:   0000023B  C$main.c$141$1_0$89                main
C:   0000023E  A$main$967                         main
C:   00000241  A$main$970                         main
C:   00000241  C$main.c$142$1_0$89                main
C:   00000244  A$main$971                         main
C:   00000247  A$main$974                         main
C:   00000247  C$main.c$143$1_0$89                main
C:   00000249  A$main$975                         main
C:   0000024B  A$main$979                         main
C:   0000024B  C$main.c$145$3_0$96                main
C:   0000024E  A$main$980                         main
C:   00000250  A$main$981                         main
C:   00000252  A$main$982                         main
C:   00000255  A$main$983                         main
C:   00000257  A$main$984                         main
C:   00000259  A$main$987                         main
C:   00000259  C$main.c$143$2_0$95                main
C:   0000025A  A$main$988                         main
C:   0000025D  A$main$989                         main
C:   0000025E  A$main$991                         main
C:   0000025F  A$main$992                         main
C:   00000260  A$main$993                         main
C:   00000262  A$main$994                         main
C:   00000263  A$main$995                         main
C:   00000265  A$main$996                         main
C:   00000267  A$main$997                         main
C:   00000269  A$main$1001                        main
C:   00000269  C$main.c$147$1_0$89                main
C:   0000026B  A$main$1003                        main
C:   0000026D  A$main$1006                        main
C:   0000026D  C$main.c$148$1_0$89                main
C:   00000270  A$main$1007                        main
C:   00000273  A$main$1010                        main
C:   00000273  C$main.c$149$1_0$89                main
C:   00000276  A$main$1011                        main
C:   00000279  A$main$1014                        main
C:   00000279  C$main.c$150$1_0$89                main
ASxxxx Linker V03.00 + NoICE + sdld,  page 26.
Hexadecimal  [32-Bits]

Area                                    Addr        Size        Decimal Bytes (Attributes)
--------------------------------        ----        ----        ------- ----- ------------
CSEG                                00000062    00000514 =        1300. bytes (REL,CON,CODE)

      Value  Global                              Global Defined In Module
      -----  --------------------------------   ------------------------
C:   0000027B  A$main$1015                        main
C:   0000027D  A$main$1019                        main
C:   0000027D  C$main.c$152$3_0$98                main
C:   00000280  A$main$1020                        main
C:   00000282  A$main$1021                        main
C:   00000284  A$main$1022                        main
C:   00000287  A$main$1023                        main
C:   00000289  A$main$1024                        main
C:   0000028B  A$main$1027                        main
C:   0000028B  C$main.c$150$2_0$97                main
C:   0000028C  A$main$1028                        main
C:   0000028F  A$main$1029                        main
C:   00000290  A$main$1031                        main
C:   00000291  A$main$1032                        main
C:   00000292  A$main$1033                        main
C:   00000294  A$main$1034                        main
C:   00000295  A$main$1035                        main
C:   00000297  A$main$1036                        main
C:   00000299  A$main$1037                        main
C:   0000029B  A$main$1040                        main
C:   0000029B  C$main.c$154$1_0$89                main
C:   0000029E  A$main$1041                        main
C:   000002A1  A$main$1044                        main
C:   000002A1  C$main.c$155$1_0$89                main
C:   000002A4  A$main$1045                        main
C:   000002A7  A$main$1048                        main
C:   000002A7  C$main.c$156$1_0$89                main
C:   000002AA  A$main$1049                        main
C:   000002AD  A$main$1052                        main
C:   000002AD  C$main.c$157$1_0$89                main
C:   000002B0  A$main$1053                        main
C:   000002B3  A$main$1058                        main
C:   000002B3  C$main.c$158$1_0$89                main
C:   000002B3  XG$GLCD_Plot_Coordinate_Axes$0$0   main
C:   000002B4  A$main$1069                        main
C:   000002B4  C$main.c$159$1_0$100               main
C:   000002B4  G$GLCD_WriteChar$0$0               main
C:   000002B4  _GLCD_WriteChar                    main
C:   000002B6  A$main$1072                        main
C:   000002B6  C$main.c$162$2_0$100               main
C:   000002B8  A$main$1073                        main
C:   000002B9  A$main$1074                        main
C:   000002BA  A$main$1075                        main
C:   000002BB  A$main$1076                        main
C:   000002BC  A$main$1077                        main
C:   000002BD  A$main$1078                        main
C:   000002BE  A$main$1079                        main
C:   000002C0  A$main$1080                        main
C:   000002C1  A$main$1081                        main
C:   000002C2  A$main$1085                        main
C:   000002C2  C$main.c$164$1_0$100               main
ASxxxx Linker V03.00 + NoICE + sdld,  page 27.
Hexadecimal  [32-Bits]

Area                                    Addr        Size        Decimal Bytes (Attributes)
--------------------------------        ----        ----        ------- ----- ------------
CSEG                                00000062    00000514 =        1300. bytes (REL,CON,CODE)

      Value  Global                              Global Defined In Module
      -----  --------------------------------   ------------------------
C:   000002C4  A$main$1089                        main
C:   000002C4  C$main.c$165$1_0$100               main
C:   000002C6  A$main$1092                        main
C:   000002C6  C$main.c$166$1_0$100               main
C:   000002C8  A$main$1093                        main
C:   000002C9  A$main$1094                        main
C:   000002CB  A$main$1095                        main
C:   000002CE  A$main$1098                        main
C:   000002CE  C$main.c$167$1_0$100               main
C:   000002D1  A$main$1099                        main
C:   000002D4  A$main$1102                        main
C:   000002D4  C$main.c$168$3_0$102               main
C:   000002D6  A$main$1103                        main
C:   000002D8  A$main$1104                        main
C:   000002DA  A$main$1105                        main
C:   000002DC  A$main$1109                        main
C:   000002DC  C$main.c$170$2_0$100               main
C:   000002DD  A$main$1110                        main
C:   000002DF  A$main$1111                        main
C:   000002E1  A$main$1112                        main
C:   000002E2  A$main$1113                        main
C:   000002E4  A$main$1114                        main
C:   000002E6  A$main$1115                        main
C:   000002E7  A$main$1116                        main
C:   000002E8  A$main$1117                        main
C:   000002EA  A$main$1118                        main
C:   000002EC  A$main$1119                        main
C:   000002EE  A$main$1120                        main
C:   000002F0  A$main$1121                        main
C:   000002F2  A$main$1122                        main
C:   000002F5  A$main$1123                        main
C:   000002F7  A$main$1124                        main
C:   000002F9  A$main$1125                        main
C:   000002FB  A$main$1126                        main
C:   000002FD  A$main$1129                        main
C:   000002FD  C$main.c$171$3_0$102               main
C:   000002FF  A$main$1130                        main
C:   00000300  A$main$1131                        main
C:   00000301  A$main$1132                        main
C:   00000302  A$main$1133                        main
C:   00000303  A$main$1134                        main
C:   00000304  A$main$1135                        main
C:   00000305  A$main$1136                        main
C:   00000307  A$main$1137                        main
C:   00000309  A$main$1138                        main
C:   0000030C  A$main$1142                        main
C:   0000030C  C$main.c$173$2_0$100               main
C:   0000030E  A$main$1143                        main
C:   00000310  A$main$1144                        main
C:   00000312  A$main$1145                        main
C:   00000314  A$main$1148                        main
ASxxxx Linker V03.00 + NoICE + sdld,  page 28.
Hexadecimal  [32-Bits]

Area                                    Addr        Size        Decimal Bytes (Attributes)
--------------------------------        ----        ----        ------- ----- ------------
CSEG                                00000062    00000514 =        1300. bytes (REL,CON,CODE)

      Value  Global                              Global Defined In Module
      -----  --------------------------------   ------------------------
C:   00000314  C$main.c$174$2_0$100               main
C:   00000316  A$main$1149                        main
C:   00000318  A$main$1150                        main
C:   0000031A  A$main$1151                        main
C:   0000031B  A$main$1152                        main
C:   0000031D  A$main$1153                        main
C:   0000031E  A$main$1154                        main
C:   0000031F  A$main$1155                        main
C:   00000321  A$main$1156                        main
C:   00000322  A$main$1157                        main
C:   00000323  A$main$1158                        main
C:   00000325  A$main$1159                        main
C:   00000326  A$main$1160                        main
C:   00000327  A$main$1161                        main
C:   00000329  A$main$1162                        main
C:   0000032C  A$main$1163                        main
C:   0000032F  A$main$1164                        main
C:   00000331  A$main$1165                        main
C:   00000334  A$main$1166                        main
C:   00000336  A$main$1167                        main
C:   00000338  A$main$1168                        main
C:   0000033A  A$main$1169                        main
C:   0000033B  A$main$1170                        main
C:   0000033D  A$main$1171                        main
C:   0000033F  A$main$1172                        main
C:   00000341  A$main$1173                        main
C:   00000343  A$main$1174                        main
C:   00000345  A$main$1175                        main
C:   00000347  A$main$1176                        main
C:   00000349  A$main$1177                        main
C:   0000034B  A$main$1178                        main
C:   0000034C  A$main$1179                        main
C:   0000034E  A$main$1180                        main
C:   00000350  A$main$1181                        main
C:   00000352  A$main$1182                        main
C:   00000354  A$main$1183                        main
C:   00000357  A$main$1184                        main
C:   0000035A  A$main$1187                        main
C:   0000035A  C$main.c$175$2_0$100               main
C:   0000035B  A$main$1188                        main
C:   0000035D  A$main$1189                        main
C:   0000035F  A$main$1190                        main
C:   00000361  A$main$1191                        main
C:   00000363  A$main$1192                        main
C:   00000365  A$main$1193                        main
C:   00000367  A$main$1194                        main
C:   00000368  A$main$1195                        main
C:   0000036A  A$main$1196                        main
C:   0000036B  A$main$1197                        main
C:   0000036C  A$main$1198                        main
C:   0000036E  A$main$1199                        main
ASxxxx Linker V03.00 + NoICE + sdld,  page 29.
Hexadecimal  [32-Bits]

Area                                    Addr        Size        Decimal Bytes (Attributes)
--------------------------------        ----        ----        ------- ----- ------------
CSEG                                00000062    00000514 =        1300. bytes (REL,CON,CODE)

      Value  Global                              Global Defined In Module
      -----  --------------------------------   ------------------------
C:   0000036F  A$main$1200                        main
C:   00000370  A$main$1201                        main
C:   00000372  A$main$1202                        main
C:   00000373  A$main$1203                        main
C:   00000374  A$main$1204                        main
C:   00000377  A$main$1205                        main
C:   00000379  A$main$1206                        main
C:   0000037B  A$main$1207                        main
C:   0000037D  A$main$1208                        main
C:   0000037E  A$main$1209                        main
C:   00000380  A$main$1210                        main
C:   00000381  A$main$1211                        main
C:   00000382  A$main$1212                        main
C:   00000384  A$main$1213                        main
C:   00000385  A$main$1214                        main
C:   00000386  A$main$1215                        main
C:   00000388  A$main$1216                        main
C:   00000389  A$main$1217                        main
C:   0000038A  A$main$1218                        main
C:   0000038C  A$main$1219                        main
C:   0000038E  A$main$1220                        main
C:   00000390  A$main$1221                        main
C:   00000392  A$main$1222                        main
C:   00000394  A$main$1223                        main
C:   00000396  A$main$1224                        main
C:   00000398  A$main$1227                        main
C:   00000398  C$main.c$168$2_0$100               main
C:   0000039A  A$main$1228                        main
C:   0000039C  A$main$1234                        main
C:   0000039C  C$main.c$175$3_0$102               main
C:   0000039C  C$main.c$177$3_0$102               main
C:   0000039D  A$main$1235                        main
C:   000003A0  A$main$1236                        main
C:   000003A1  A$main$1240                        main
C:   000003A1  C$main.c$168$2_0$101               main
C:   000003A2  A$main$1241                        main
C:   000003A5  A$main$1242                        main
C:   000003A6  A$main$1244                        main
C:   000003A7  A$main$1245                        main
C:   000003A8  A$main$1246                        main
C:   000003AA  A$main$1247                        main
C:   000003AB  A$main$1248                        main
C:   000003AD  A$main$1249                        main
C:   000003AF  A$main$1250                        main
C:   000003B2  A$main$1256                        main
C:   000003B2  C$main.c$179$2_0$100               main
C:   000003B2  XG$GLCD_WriteChar$0$0              main
C:   000003B3  A$main$1269                        main
C:   000003B3  C$main.c$180$2_0$105               main
C:   000003B3  C$main.c$182$1_0$105               main
C:   000003B3  G$main$0$0                         main
ASxxxx Linker V03.00 + NoICE + sdld,  page 30.
Hexadecimal  [32-Bits]

Area                                    Addr        Size        Decimal Bytes (Attributes)
--------------------------------        ----        ----        ------- ----- ------------
CSEG                                00000062    00000514 =        1300. bytes (REL,CON,CODE)

      Value  Global                              Global Defined In Module
      -----  --------------------------------   ------------------------
C:   000003B3  _main                              main
C:   000003B6  A$main$1272                        main
C:   000003B6  C$main.c$183$1_0$105               main
C:   000003B9  A$main$1275                        main
C:   000003B9  C$main.c$184$1_0$105               main
C:   000003BC  A$main$1278                        main
C:   000003BC  C$main.c$185$1_0$105               main
C:   000003BF  A$main$1279                        main
C:   000003C2  A$main$1282                        main
C:   000003C2  C$main.c$186$1_0$105               main
C:   000003C5  A$main$1283                        main
C:   000003C8  A$main$1287                        main
C:   000003C8  C$main.c$187$1_0$105               main
C:   000003CA  A$main$1292                        main
C:   000003CA  C$main.c$188$1_0$105               main
C:   000003CA  XG$main$0$0                        main
C:   000003CB  ___fsadd                           _fsadd
C:   000003CE  fsadd_direct_entry                 _fsadd
C:   00000424  fs_round_and_return                _fsreturnval
C:   0000043C  fs_zerocheck_return                _fsreturnval
C:   00000445  fs_return_zero                     _fsreturnval
C:   0000044D  fs_direct_return                   _fsreturnval
C:   0000045B  fs_return_inf                      _fsreturnval
C:   00000468  fs_return_nan                      _fsreturnval
C:   00000473  fs_swap_a_b                        _fsswapargs
C:   0000048D  ___fs2uchar                        _fs2uchar
C:   00000495  fsgetargs                          _fsget2args
C:   000004C3  fs_rshift_a                        _fsrshift
C:   00000506  fs_normalize_a                     _fsnormalize
C:   00000539  ___fs2ulong                        _fs2ulong
C:   0000053B  fs2ulong_begin                     _fs2ulong
C:   00000560  ___sdcc_external_startup           _startup
C:   00000564  fsgetarg                           _fsget1arg

ASxxxx Linker V03.00 + NoICE + sdld,  page 31.
Hexadecimal  [32-Bits]

Area                                    Addr        Size        Decimal Bytes (Attributes)
--------------------------------        ----        ----        ------- ----- ------------
CONST                               00000576    00000087 =         135. bytes (REL,CON,CODE)

      Value  Global                              Global Defined In Module
      -----  --------------------------------   ------------------------
C:   00000576  G$font$0_0$0                       main
C:   00000576  _font                              main

ASxxxx Linker V03.00 + NoICE + sdld,  page 32.

Files Linked                              [ module(s) ]

obj\Debug\main.rel                        [  ]


Libraries Linked                          [ object file ]

C:\Program Files\SDCC\bin\..\lib\medium/mcs51.lib
                                          [ crtclear.rel ]
C:\Program Files\SDCC\bin\..\lib\medium/mcs51.lib
                                          [ crtxinit.rel ]
C:\Program Files\SDCC\bin\..\lib\medium/mcs51.lib
                                          [ crtxclear.rel ]
C:\Program Files\SDCC\bin\..\lib\medium/libfloat.lib
                                          [ _fsadd.rel ]
C:\Program Files\SDCC\bin\..\lib\medium/libfloat.lib
                                          [ _fsreturnval.rel ]
C:\Program Files\SDCC\bin\..\lib\medium/mcs51.lib
                                          [ crtpagesfr.rel ]
C:\Program Files\SDCC\bin\..\lib\medium/libfloat.lib
                                          [ _fsswapargs.rel ]
C:\Program Files\SDCC\bin\..\lib\medium/mcs51.lib
                                          [ crtstart.rel ]
C:\Program Files\SDCC\bin\..\lib\medium/libfloat.lib
                                          [ _fs2uchar.rel ]
C:\Program Files\SDCC\bin\..\lib\medium/libfloat.lib
                                          [ _fsget2args.rel ]
C:\Program Files\SDCC\bin\..\lib\medium/libfloat.lib
                                          [ _fsrshift.rel ]
C:\Program Files\SDCC\bin\..\lib\medium/libfloat.lib
                                          [ _fsnormalize.rel ]
C:\Program Files\SDCC\bin\..\lib\medium/libfloat.lib
                                          [ _fs2ulong.rel ]
C:\Program Files\SDCC\bin\..\lib\medium/libsdcc.lib
                                          [ _startup.rel ]
C:\Program Files\SDCC\bin\..\lib\medium/libfloat.lib
                                          [ _fsget1arg.rel ]

ASxxxx Linker V03.00 + NoICE + sdld,  page 33.

User Base Address Definitions

HOME = 0x0000
XSEG = 0x0001
PSEG = 0x0001
ISEG = 0x0000
BSEG = 0x0000

